Component: ARM Compiler 5.06 update 3 (build 300) Tool: armlink [4d35c9]

==============================================================================

Section Cross References

    main.o(i.app_main) refers to main.o(i.setup_peripherals) for setup_peripherals
    main.o(i.app_main) refers to printf8.o(i.__0printf$8) for __2printf
    main.o(i.app_main) refers to main.o(i.cb_hard_fault) for cb_hard_fault
    main.o(i.app_main) refers to main.o(i.cb_assertion) for cb_assertion
    main.o(i.app_main) refers to profile.o(i.setup_profile) for setup_profile
    main.o(i.app_main) refers to main.o(i.uart_isr) for uart_isr
    main.o(i.app_main) refers to main.o(i.cb_putc) for cb_putc
    main.o(i.cb_assertion) refers to trace.o(i.trace_full_dump) for trace_full_dump
    main.o(i.cb_assertion) refers to puts.o(i.puts) for puts
    main.o(i.cb_hard_fault) refers to main.o(.conststring) for .conststring
    main.o(i.cb_putc) refers to peripheral_uart.o(i.apUART_Check_TXFIFO_FULL) for apUART_Check_TXFIFO_FULL
    main.o(i.cb_putc) refers to peripheral_uart.o(i.UART_SendData) for UART_SendData
    main.o(i.config_uart) refers to peripheral_uart.o(i.apUART_Initialize) for apUART_Initialize
    main.o(i.fputc) refers to main.o(i.cb_putc) for cb_putc
    main.o(i.setup_peripherals) refers to main.o(i.config_uart) for config_uart
    main.o(i.uart_isr) refers to uart_console.o(i.console_rx_data) for console_rx_data
    main.o(i.uart_isr) refers to peripheral_uart.o(i.apUART_Check_RXFIFO_EMPTY) for apUART_Check_RXFIFO_EMPTY
    main.o(i.uart_isr) refers to peripheral_uart.o(i.apUART_Get_all_raw_int_stat) for apUART_Get_all_raw_int_stat
    profile.o(i.do_set_data) refers to profile.o(.data) for .data
    profile.o(i.is_new_advertiser) refers to memcmp.o(.text) for memcmp
    profile.o(i.is_new_advertiser) refers to profile.o(.bss) for .bss
    profile.o(i.is_new_advertiser) refers to profile.o(.data) for .data
    profile.o(i.output_notification_handler) refers to str_util.o(i.print_hex_table) for print_hex_table
    profile.o(i.output_notification_handler) refers to strcpy.o(.text) for strcpy
    profile.o(i.output_notification_handler) refers to strcat.o(.text) for strcat
    profile.o(i.output_notification_handler) refers to strlen.o(.text) for strlen
    profile.o(i.output_notification_handler) refers to profile.o(i.print_fun) for print_fun
    profile.o(i.output_notification_handler) refers to aoa_service.o(.bss) for g_iq_str_buffer
    profile.o(i.output_notification_handler) refers to aoa_service.o(.data) for g_iqReportStrLen
    profile.o(i.print_features) refers to profile.o(.constdata) for .constdata
    profile.o(i.print_fun) refers to printf8.o(i.__0printf$8) for __2printf
    profile.o(i.read_characteristic_value_callback) refers to str_util.o(i.print_hex_table) for print_hex_table
    profile.o(i.read_characteristic_value_callback) refers to profile.o(i.print_fun) for print_fun
    profile.o(i.setup_profile) refers to printf8.o(i.__0printf$8) for __2printf
    profile.o(i.setup_profile) refers to aoa_service.o(i.AoA_ServiceInit) for AoA_ServiceInit
    profile.o(i.setup_profile) refers to profile.o(i.att_write_callback) for att_write_callback
    profile.o(i.setup_profile) refers to profile.o(i.att_read_callback) for att_read_callback
    profile.o(i.setup_profile) refers to profile.o(i.user_packet_handler) for user_packet_handler
    profile.o(i.setup_profile) refers to profile.o(.data) for .data
    profile.o(i.user_msg_handler) refers to printf8.o(i.__0printf$8) for __2printf
    profile.o(i.user_msg_handler) refers to gatt_client_util.o(i.gatt_client_util_find_char) for gatt_client_util_find_char
    profile.o(i.user_msg_handler) refers to gatt_client_util.o(i.gatt_client_util_find_config_desc) for gatt_client_util_find_config_desc
    profile.o(i.user_msg_handler) refers to malloc.o(i.malloc) for malloc
    profile.o(i.user_msg_handler) refers to aoa_service.o(.data) for AoA_iqReportProcessTimer
    profile.o(i.user_msg_handler) refers to profile.o(.data) for .data
    profile.o(i.user_msg_handler) refers to profile.o(.constdata) for .constdata
    profile.o(i.user_msg_handler) refers to profile.o(i.output_notification_handler) for output_notification_handler
    profile.o(i.user_msg_handler) refers to profile.o(i.write_characteristic_descriptor_callback) for write_characteristic_descriptor_callback
    profile.o(i.user_packet_handler) refers to gatt_client_util.o(i.gatt_client_util_discover_all) for gatt_client_util_discover_all
    profile.o(i.user_packet_handler) refers to profile.o(i.user_msg_handler) for user_msg_handler
    profile.o(i.user_packet_handler) refers to profile.o(i.do_set_data) for do_set_data
    profile.o(i.user_packet_handler) refers to uldiv.o(.text) for __aeabi_uldivmod
    profile.o(i.user_packet_handler) refers to profile.o(i.is_new_advertiser) for is_new_advertiser
    profile.o(i.user_packet_handler) refers to str_util.o(i.print_hex_table) for print_hex_table
[...]
    ../clib/microlib/longlong.c              0x00000000   Number         0  llshl.o ABSOLUTE
    ../clib/microlib/longlong.c              0x00000000   Number         0  llsshr.o ABSOLUTE
    ../clib/microlib/malloc/malloc.c         0x00000000   Number         0  malloc.o ABSOLUTE
    ../clib/microlib/malloc/malloc.c         0x00000000   Number         0  mallocra.o ABSOLUTE
    ../clib/microlib/malloc/malloc.c         0x00000000   Number         0  malloca.o ABSOLUTE
    ../clib/microlib/malloc/malloc.c         0x00000000   Number         0  mallocr.o ABSOLUTE
    ../clib/microlib/malloc/mvars.c          0x00000000   Number         0  mvars.o ABSOLUTE
    ../clib/microlib/printf/printf.c         0x00000000   Number         0  printf0.o ABSOLUTE
    ../clib/microlib/printf/printf.c         0x00000000   Number         0  printfb.o ABSOLUTE
    ../clib/microlib/printf/printf.c         0x00000000   Number         0  printf1.o ABSOLUTE
    ../clib/microlib/printf/printf.c         0x00000000   Number         0  printf2.o ABSOLUTE
    ../clib/microlib/printf/printf.c         0x00000000   Number         0  printf6.o ABSOLUTE
    ../clib/microlib/printf/printf.c         0x00000000   Number         0  printf3.o ABSOLUTE
    ../clib/microlib/printf/printf.c         0x00000000   Number         0  printfa.o ABSOLUTE
    ../clib/microlib/printf/printf.c         0x00000000   Number         0  printf4.o ABSOLUTE
    ../clib/microlib/printf/printf.c         0x00000000   Number         0  printf5.o ABSOLUTE
    ../clib/microlib/printf/printf.c         0x00000000   Number         0  printf8.o ABSOLUTE
    ../clib/microlib/printf/printf.c         0x00000000   Number         0  printf7.o ABSOLUTE
    ../clib/microlib/printf/stubs.s          0x00000000   Number         0  stubs.o ABSOLUTE
    ../clib/microlib/stdio/puts.c            0x00000000   Number         0  puts_e.o ABSOLUTE
    ../clib/microlib/stdio/puts.c            0x00000000   Number         0  puts.o ABSOLUTE
    ../clib/microlib/stdio/streams.c         0x00000000   Number         0  stdout.o ABSOLUTE
    ../clib/microlib/string/memcmp.c         0x00000000   Number         0  memcmp.o ABSOLUTE
    ../clib/microlib/string/memcpy.c         0x00000000   Number         0  memcpyb.o ABSOLUTE
    ../clib/microlib/string/memcpy.c         0x00000000   Number         0  memcpya.o ABSOLUTE
    ../clib/microlib/string/memset.c         0x00000000   Number         0  memseta.o ABSOLUTE
    ../clib/microlib/string/strcasecmp.c     0x00000000   Number         0  strcasecmp.o ABSOLUTE
    ../clib/microlib/string/strcat.c         0x00000000   Number         0  strcat.o ABSOLUTE
    ../clib/microlib/string/strcpy.c         0x00000000   Number         0  strcpy.o ABSOLUTE
    ../clib/microlib/string/strlen.c         0x00000000   Number         0  strlen.o ABSOLUTE
    ../clib/microlib/stubs.s                 0x00000000   Number         0  iusefp.o ABSOLUTE
    ../clib/scanf.c                          0x00000000   Number         0  _sgetc.o ABSOLUTE
    ../clib/scanf.c                          0x00000000   Number         0  scanf_char.o ABSOLUTE
    ../clib/scanf.c                          0x00000000   Number         0  _chval.o ABSOLUTE
    ../clib/scanf.c                          0x00000000   Number         0  _scanf.o ABSOLUTE
    ../clib/scanf.c                          0x00000000   Number         0  _scanf_int.o ABSOLUTE
    ../clib/scanf.c                          0x00000000   Number         0  __0sscanf.o ABSOLUTE
    ../fplib/microlib/d2f.c                  0x00000000   Number         0  d2f.o ABSOLUTE
    ../fplib/microlib/fpadd.c                0x00000000   Number         0  dadd.o ABSOLUTE
    ../fplib/microlib/fpdiv.c                0x00000000   Number         0  ddiv.o ABSOLUTE
    ../fplib/microlib/fpdiv.c                0x00000000   Number         0  fdiv.o ABSOLUTE
    ../fplib/microlib/fpepilogue.c           0x00000000   Number         0  depilogue.o ABSOLUTE
    ../fplib/microlib/fpepilogue.c           0x00000000   Number         0  fepilogue.o ABSOLUTE
    ../fplib/microlib/fpfix.c                0x00000000   Number         0  ffixui.o ABSOLUTE
    ../fplib/microlib/fpfix.c                0x00000000   Number         0  dfixul.o ABSOLUTE
    ../fplib/microlib/fpflt.c                0x00000000   Number         0  ffltui.o ABSOLUTE
    ../fplib/microlib/fpflt.c                0x00000000   Number         0  dfltui.o ABSOLUTE
    ../fplib/microlib/fpmul.c                0x00000000   Number         0  dmul.o ABSOLUTE
    ../fplib/microlib/fpscalb.c              0x00000000   Number         0  dscalb.o ABSOLUTE
    ..\..\\src\\FWlib\\peripheral_sysctrl.c  0x00000000   Number         0  peripheral_sysctrl.o ABSOLUTE
    ..\..\\src\\FWlib\\peripheral_uart.c     0x00000000   Number         0  peripheral_uart.o ABSOLUTE
    ..\..\src\BSP\eflash.c                   0x00000000   Number         0  eflash.o ABSOLUTE
    ..\..\src\FWlib\peripheral_pinctrl.c     0x00000000   Number         0  peripheral_pinctrl.o ABSOLUTE
    ..\..\src\Tools\gatt_client_util.c       0x00000000   Number         0  gatt_client_util.o ABSOLUTE
    ..\..\src\Tools\str_util.c               0x00000000   Number         0  str_util.o ABSOLUTE
    ..\..\src\Tools\trace.c                  0x00000000   Number         0  trace.o ABSOLUTE
    ..\\..\\src\\BSP\\eflash.c               0x00000000   Number         0  eflash.o ABSOLUTE
    ..\\..\\src\\FWlib\\peripheral_pinctrl.c 0x00000000   Number         0  peripheral_pinctrl.o ABSOLUTE
    ..\\..\\src\\Tools\\gatt_client_util.c   0x00000000   Number         0  gatt_client_util.o ABSOLUTE
    ..\\..\\src\\Tools\\str_util.c           0x00000000   Number         0  str_util.o ABSOLUTE
    ..\\..\\src\\Tools\\trace.c              0x00000000   Number         0  trace.o ABSOLUTE
    cdrcmple.s                               0x00000000   Number         0  cdrcmple.o ABSOLUTE
    dc.s                                     0x00000000   Number         0  dc.o ABSOLUTE
    handlers.s                               0x00000000   Number         0  handlers.o ABSOLUTE
    init.s                                   0x00000000   Number         0  init.o ABSOLUTE
    src\AOA_service.c                        0x00000000   Number         0  aoa_service.o ABSOLUTE
    src\\AOA_service.c                       0x00000000   Number         0  aoa_service.o ABSOLUTE
    src\\main.c                              0x00000000   Number         0  main.o ABSOLUTE
    src\\profile.c                           0x00000000   Number         0  profile.o ABSOLUTE
    src\\uart_console.c                      0x00000000   Number         0  uart_console.o ABSOLUTE
    src\main.c                               0x00000000   Number         0  main.o ABSOLUTE
    src\profile.c                            0x00000000   Number         0  profile.o ABSOLUTE
    src\startup_ing91800.s                   0x00000000   Number         0  startup_ing91800.o ABSOLUTE
    src\uart_console.c                       0x00000000   Number         0  uart_console.o ABSOLUTE
    RESET                                    0x00026000   Section        8  startup_ing91800.o(RESET)
    .ARM.Collect$$$$00000000                 0x00026008   Section        0  entry.o(.ARM.Collect$$$$00000000)
    .ARM.Collect$$$$00000001                 0x00026008   Section        4  entry2.o(.ARM.Collect$$$$00000001)
    .ARM.Collect$$$$00000004                 0x0002600c   Section        4  entry5.o(.ARM.Collect$$$$00000004)
    .ARM.Collect$$$$00000008                 0x00026010   Section        0  entry7b.o(.ARM.Collect$$$$00000008)
    .ARM.Collect$$$$0000000A                 0x00026010   Section        0  entry8b.o(.ARM.Collect$$$$0000000A)
    .ARM.Collect$$$$0000000B                 0x00026010   Section        8  entry9a.o(.ARM.Collect$$$$0000000B)
    .ARM.Collect$$$$0000000D                 0x00026018   Section        0  entry10a.o(.ARM.Collect$$$$0000000D)
    .ARM.Collect$$$$0000000F                 0x00026018   Section        0  entry11a.o(.ARM.Collect$$$$0000000F)
    .ARM.Collect$$$$00002712                 0x00026018   Section        4  entry2.o(.ARM.Collect$$$$00002712)
    __lit__00000000                          0x00026018   Data           4  entry2.o(.ARM.Collect$$$$00002712)
    .text                                    0x0002601c   Section       24  startup_ing91800.o(.text)
    .text                                    0x00026034   Section       36  init.o(.text)
    .text                                    0x00026058   Section        0  uldiv.o(.text)
    .text                                    0x000260bc   Section        0  ctype_o.o(.text)
    .text                                    0x000260c4   Section        0  isspace_o.o(.text)
    .text                                    0x000260d6   Section        0  memcpya.o(.text)
    .text                                    0x000260fa   Section        0  memseta.o(.text)
    .text                                    0x0002611e   Section        0  strcat.o(.text)
    .text                                    0x00026136   Section        0  strlen.o(.text)
    .text                                    0x00026144   Section        0  memcmp.o(.text)
    .text                                    0x0002615e   Section        0  strcpy.o(.text)
    .text                                    0x00026170   Section        0  strcasecmp.o(.text)
    .text                                    0x0002619c   Section        0  __0sscanf.o(.text)
    .text                                    0x000261d4   Section        0  _scanf_int.o(.text)
    .text                                    0x00026320   Section        0  llshl.o(.text)
    .text                                    0x0002633e   Section        0  llushr.o(.text)
    .text                                    0x0002635e   Section        0  tolower.o(.text)
    .text                                    0x0002636a   Section        0  _chval.o(.text)
    .text                                    0x00026388   Section        0  scanf_char.o(.text)
    _scanf_char_input                        0x00026389   Thumb Code    12  scanf_char.o(.text)
    .text                                    0x000263b0   Section        0  _sgetc.o(.text)
    .text                                    0x000263f0   Section        0  _scanf.o(.text)
    i.AoA_CheckNewDevice                     0x0002671c   Section        0  aoa_service.o(i.AoA_CheckNewDevice)
    AoA_CheckNewDevice                       0x0002671d   Thumb Code   102  aoa_service.o(i.AoA_CheckNewDevice)
    i.AoA_IqReportProcessTimerCallback       0x000267c8   Section        0  aoa_service.o(i.AoA_IqReportProcessTimerCallback)
    AoA_IqReportProcessTimerCallback         0x000267c9   Thumb Code   134  aoa_service.o(i.AoA_IqReportProcessTimerCallback)
    i.AoA_MQTT_Setup_8266                    0x000268a0   Section        0  aoa_service.o(i.AoA_MQTT_Setup_8266)
    i.AoA_ServiceInit                        0x000269d0   Section        0  aoa_service.o(i.AoA_ServiceInit)
    i.AoA_SetAddrStrMapByUart                0x00026a10   Section        0  aoa_service.o(i.AoA_SetAddrStrMapByUart)
    i.Delay                                  0x00026b10   Section        0  aoa_service.o(i.Delay)
    i.UART_SendData                          0x00026b26   Section        0  peripheral_uart.o(i.UART_SendData)
    i.__0printf$8                            0x00026b2c   Section        0  printf8.o(i.__0printf$8)
    i.__0sprintf$8                           0x00026b4c   Section        0  printf8.o(i.__0sprintf$8)
    i.__scatterload_copy                     0x00026b74   Section       14  handlers.o(i.__scatterload_copy)
    i.__scatterload_null                     0x00026b82   Section        2  handlers.o(i.__scatterload_null)
    i.__scatterload_zeroinit                 0x00026b84   Section       14  handlers.o(i.__scatterload_zeroinit)
    i._printf_core                           0x00026b94   Section        0  printf8.o(i._printf_core)
    _printf_core                             0x00026b95   Thumb Code   996  printf8.o(i._printf_core)
    i._printf_post_padding                   0x00026fa4   Section        0  printf8.o(i._printf_post_padding)
    _printf_post_padding                     0x00026fa5   Thumb Code    36  printf8.o(i._printf_post_padding)
    i._printf_pre_padding                    0x00026fc8   Section        0  printf8.o(i._printf_pre_padding)
    _printf_pre_padding                      0x00026fc9   Thumb Code    46  printf8.o(i._printf_pre_padding)
    i._sputc                                 0x00026ff6   Section        0  printf8.o(i._sputc)
    _sputc                                   0x00026ff7   Thumb Code    10  printf8.o(i._sputc)
    i.apUART_BaudRateSet                     0x00027000   Section        0  peripheral_uart.o(i.apUART_BaudRateSet)
    i.apUART_Check_RXFIFO_EMPTY              0x00027032   Section        0  peripheral_uart.o(i.apUART_Check_RXFIFO_EMPTY)
    i.apUART_Check_TXFIFO_FULL               0x0002703a   Section        0  peripheral_uart.o(i.apUART_Check_TXFIFO_FULL)
    i.apUART_Get_all_raw_int_stat            0x00027042   Section        0  peripheral_uart.o(i.apUART_Get_all_raw_int_stat)
    i.apUART_Initialize                      0x00027046   Section        0  peripheral_uart.o(i.apUART_Initialize)
    i.app_main                               0x000270b8   Section        0  main.o(i.app_main)
    i.append_data                            0x00027134   Section        0  uart_console.o(i.append_data)
    append_data                              0x00027135   Thumb Code    48  uart_console.o(i.append_data)
    i.att_read_callback                      0x00027164   Section        0  profile.o(i.att_read_callback)
    att_read_callback                        0x00027165   Thumb Code     4  profile.o(i.att_read_callback)
    i.att_write_callback                     0x00027168   Section        0  profile.o(i.att_write_callback)
    att_write_callback                       0x00027169   Thumb Code     4  profile.o(i.att_write_callback)
    i.cancel_create_conn                     0x0002716c   Section        0  profile.o(i.cancel_create_conn)
    i.cb_assertion                           0x00027178   Section        0  main.o(i.cb_assertion)
    i.cb_hard_fault                          0x000271a8   Section        0  main.o(i.cb_hard_fault)
    i.cb_putc                                0x000271d0   Section        0  main.o(i.cb_putc)
    i.characteristic_discovery_callback      0x000271f0   Section        0  gatt_client_util.o(i.characteristic_discovery_callback)
    characteristic_discovery_callback        0x000271f1   Thumb Code   136  gatt_client_util.o(i.characteristic_discovery_callback)
    i.cmd_conn                               0x000272b4   Section        0  uart_console.o(i.cmd_conn)
    i.cmd_conn_cancel                        0x000272d8   Section        0  uart_console.o(i.cmd_conn_cancel)
    i.cmd_help                               0x000272dc   Section        0  uart_console.o(i.cmd_help)
    i.cmd_setup_8266                         0x000272f8   Section        0  uart_console.o(i.cmd_setup_8266)
    i.cmd_sub_char                           0x000272fc   Section        0  uart_console.o(i.cmd_sub_char)
    i.cmd_unsub_char                         0x00027330   Section        0  uart_console.o(i.cmd_unsub_char)
    i.config_uart                            0x00027364   Section        0  main.o(i.config_uart)
    i.conn_to_slave                          0x000273b0   Section        0  profile.o(i.conn_to_slave)
    i.console_rx_data                        0x000273bc   Section        0  uart_console.o(i.console_rx_data)
    i.decode_version                         0x00027428   Section        0  profile.o(i.decode_version)
    decode_version                           0x00027429   Thumb Code    60  profile.o(i.decode_version)
    i.descriptor_discovery_callback          0x0002748c   Section        0  gatt_client_util.o(i.descriptor_discovery_callback)
    descriptor_discovery_callback            0x0002748d   Thumb Code   150  gatt_client_util.o(i.descriptor_discovery_callback)
    i.discover_char_of_service               0x0002755c   Section        0  gatt_client_util.o(i.discover_char_of_service)
    discover_char_of_service                 0x0002755d   Thumb Code    62  gatt_client_util.o(i.discover_char_of_service)
    i.discover_desc_of_char                  0x000275b4   Section        0  gatt_client_util.o(i.discover_desc_of_char)
    discover_desc_of_char                    0x000275b5   Thumb Code    60  gatt_client_util.o(i.discover_desc_of_char)
    i.do_set_data                            0x000275f8   Section        0  profile.o(i.do_set_data)
    i.fputc                                  0x0002760c   Section        0  main.o(i.fputc)
    i.free                                   0x0002761c   Section        0  malloc.o(i.free)
    i.free_char                              0x0002766c   Section        0  gatt_client_util.o(i.free_char)
    free_char                                0x0002766d   Thumb Code    34  gatt_client_util.o(i.free_char)
    i.free_list                              0x00027690   Section        0  gatt_client_util.o(i.free_list)
    free_list                                0x00027691   Thumb Code     6  gatt_client_util.o(i.free_list)
    i.free_service                           0x0002769c   Section        0  gatt_client_util.o(i.free_service)
    free_service                             0x0002769d   Thumb Code    28  gatt_client_util.o(i.free_service)
    i.free_services                          0x000276bc   Section        0  gatt_client_util.o(i.free_services)
    i.gatt_client_util_discover_all          0x000276d8   Section        0  gatt_client_util.o(i.gatt_client_util_discover_all)
    i.gatt_client_util_dump_profile          0x00027740   Section        0  gatt_client_util.o(i.gatt_client_util_dump_profile)
    i.gatt_client_util_find_char             0x000278c0   Section        0  gatt_client_util.o(i.gatt_client_util_find_char)
    i.gatt_client_util_find_config_desc      0x000278de   Section        0  gatt_client_util.o(i.gatt_client_util_find_config_desc)
    i.gatt_client_util_free                  0x00027908   Section        0  gatt_client_util.o(i.gatt_client_util_free)
    i.gatt_client_util_print_properties      0x0002791c   Section        0  gatt_client_util.o(i.gatt_client_util_print_properties)
    i.gatt_client_util_print_uuid            0x00027a04   Section        0  gatt_client_util.o(i.gatt_client_util_print_uuid)
    i.get_last_service                       0x00027a78   Section        0  gatt_client_util.o(i.get_last_service)
    get_last_service                         0x00027a79   Thumb Code    20  gatt_client_util.o(i.get_last_service)
    i.handle_command                         0x00027a90   Section        0  uart_console.o(i.handle_command)
    i.hex_dump                               0x00027af8   Section        0  trace.o(i.hex_dump)
    hex_dump                                 0x00027af9   Thumb Code   106  trace.o(i.hex_dump)
    i.hex_dump_line                          0x00027b68   Section        0  trace.o(i.hex_dump_line)
    hex_dump_line                            0x00027b69   Thumb Code    96  trace.o(i.hex_dump_line)
    i.is_new_advertiser                      0x00027bc8   Section        0  profile.o(i.is_new_advertiser)
    i.is_sig_uuid                            0x00027c20   Section        0  gatt_client_util.o(i.is_sig_uuid)
    is_sig_uuid                              0x00027c21   Thumb Code    38  gatt_client_util.o(i.is_sig_uuid)
    i.list_for_each                          0x00027c46   Section        0  gatt_client_util.o(i.list_for_each)
    list_for_each                            0x00027c47   Thumb Code    20  gatt_client_util.o(i.list_for_each)
    i.malloc                                 0x00027c5c   Section        0  malloc.o(i.malloc)
    i.nibble_to_char                         0x00027cc8   Section        0  trace.o(i.nibble_to_char)
    nibble_to_char                           0x00027cc9   Thumb Code    14  trace.o(i.nibble_to_char)
    i.nibble_to_char                         0x00027cd6   Section        0  str_util.o(i.nibble_to_char)
    nibble_to_char                           0x00027cd7   Thumb Code    14  str_util.o(i.nibble_to_char)
    i.output_notification_handler            0x00027ce4   Section        0  profile.o(i.output_notification_handler)
    output_notification_handler              0x00027ce5   Thumb Code   140  profile.o(i.output_notification_handler)
    i.parse_addr                             0x00027da0   Section        0  uart_console.o(i.parse_addr)
    i.print_features                         0x00027e10   Section        0  profile.o(i.print_features)
    print_features                           0x00027e11   Thumb Code    78  profile.o(i.print_features)
    i.print_fun                              0x00027e94   Section        0  profile.o(i.print_fun)
    i.print_hex_table                        0x00027ea0   Section        0  str_util.o(i.print_hex_table)
    i.puts                                   0x00027fb4   Section        0  puts.o(i.puts)
    i.service_discovery_callback             0x00027fd8   Section        0  gatt_client_util.o(i.service_discovery_callback)
    service_discovery_callback               0x00027fd9   Thumb Code   138  gatt_client_util.o(i.service_discovery_callback)
    i.setup_peripherals                      0x0002809c   Section        0  main.o(i.setup_peripherals)
    i.setup_profile                          0x000280ac   Section        0  profile.o(i.setup_profile)
    i.sub_to_char                            0x000280fc   Section        0  profile.o(i.sub_to_char)
    i.trace_full_dump                        0x00028108   Section        0  trace.o(i.trace_full_dump)
    i.tx_data                                0x000281b0   Section        0  uart_console.o(i.tx_data)
    tx_data                                  0x000281b1   Thumb Code    64  uart_console.o(i.tx_data)
    i.uart_isr                               0x000281f4   Section        0  main.o(i.uart_isr)
    i.unsub_to_char                          0x0002822c   Section        0  profile.o(i.unsub_to_char)
    i.user_msg_handler                       0x00028238   Section        0  profile.o(i.user_msg_handler)
    user_msg_handler                         0x00028239   Thumb Code   292  profile.o(i.user_msg_handler)
    i.user_packet_handler                    0x00028404   Section        0  profile.o(i.user_packet_handler)
    user_packet_handler                      0x00028405   Thumb Code   668  profile.o(i.user_packet_handler)
    i.write_characteristic_descriptor_callback 0x000287b0   Section        0  profile.o(i.write_characteristic_descriptor_callback)
    .constdata                               0x00028804   Section     2056  profile.o(.constdata)
    scan_data                                0x00028804   Data           1  profile.o(.constdata)
    adv_sets_en                              0x00028806   Data           6  profile.o(.constdata)
    profile_data                             0x0002880c   Data         128  profile.o(.constdata)
    features                                 0x0002888c   Data        1920  profile.o(.constdata)
    .constdata                               0x0002900c   Section      390  uart_console.o(.constdata)
    error                                    0x0002900c   Data           6  uart_console.o(.constdata)
    help                                     0x00029012   Data         367  uart_console.o(.constdata)
    unknow_cmd                               0x00029181   Data          17  uart_console.o(.constdata)
    .constdata                               0x00029192   Section      129  ctype_o.o(.constdata)
    .constdata                               0x00029214   Section        4  ctype_o.o(.constdata)
    table                                    0x00029214   Data           4  ctype_o.o(.constdata)
    .conststring                             0x00029218   Section      108  main.o(.conststring)
    .conststring                             0x00029284   Section      163  profile.o(.conststring)
    .conststring                             0x00029328   Section       41  uart_console.o(.conststring)
    .conststring                             0x00029354   Section       66  aoa_service.o(.conststring)
    .conststring                             0x00029398   Section       71  gatt_client_util.o(.conststring)
    .data                                    0x200057e0   Section      136  profile.o(.data)
    bonding_flag                             0x200057f4   Data           4  profile.o(.data)
    hci_event_callback_registration          0x20005808   Data           8  profile.o(.data)
    adv_data                                 0x20005837   Data          31  profile.o(.data)
    phy_configs                              0x20005856   Data          18  profile.o(.data)
    .data                                    0x20005868   Section       56  uart_console.o(.data)
    cmds                                     0x20005868   Data          56  uart_console.o(.data)
    .data                                    0x200058a0   Section        8  aoa_service.o(.data)
    .data                                    0x200058a8   Section        4  stdout.o(.data)
    .data                                    0x200058ac   Section        4  mvars.o(.data)
    .data                                    0x200058b0   Section        4  mvars.o(.data)
    .bss                                     0x200058b4   Section      300  profile.o(.bss)
    .bss                                     0x200059e0   Section     1428  uart_console.o(.bss)
    .bss                                     0x20005f74   Section      671  aoa_service.o(.bss)
    .bss                                     0x20006214   Section      656  trace.o(.bss)
    str                                      0x20006214   Data          46  trace.o(.bss)
    buf                                      0x20006242   Data          20  trace.o(.bss)
    _acUpBuffer                              0x200062a0   Data         500  trace.o(.bss)
    _acDownBuffer                            0x20006494   Data          16  trace.o(.bss)
    .bss                                     0x200064a4   Section       69  str_util.o(.bss)
    line                                     0x200064a4   Data          69  str_util.o(.bss)
    .bss                                     0x200064ec   Section       32  gatt_client_util.o(.bss)
    HEAP                                     0x20006510   Section     4096  startup_ing91800.o(HEAP)
    STACK                                    0x20007510   Section        4  startup_ing91800.o(STACK)

    Global Symbols

    Symbol Name                              Value     Ov Type        Size  Object(Section)

    BuildAttributes$$THM_ISAv4$P$D$K$B$S$PE$A:L22UL41UL21$X:L11$S22US41US21$IEEE1$IW$USESV6$~STKCKD$USESV7$~SHL$OTIME$ROPI$EBA8$MICROLIB$REQ8$PRES8$EABIv2 0x00000000   Number         0  anon$$obj.o ABSOLUTE
    _printf_a                                0x00000000   Number         0  stubs.o ABSOLUTE
    _printf_c                                0x00000000   Number         0  stubs.o ABSOLUTE
    _printf_charcount                        0x00000000   Number         0  stubs.o ABSOLUTE
    _printf_d                                0x00000000   Number         0  stubs.o ABSOLUTE
    _printf_e                                0x00000000   Number         0  stubs.o ABSOLUTE
    _printf_f                                0x00000000   Number         0  stubs.o ABSOLUTE
    _printf_flags                            0x00000000   Number         0  stubs.o ABSOLUTE
    _printf_fp_dec                           0x00000000   Number         0  stubs.o ABSOLUTE
    _printf_fp_hex                           0x00000000   Number         0  stubs.o ABSOLUTE
    _printf_g                                0x00000000   Number         0  stubs.o ABSOLUTE
    _printf_i                                0x00000000   Number         0  stubs.o ABSOLUTE
    _printf_int_dec                          0x00000000   Number         0  stubs.o ABSOLUTE
    _printf_l                                0x00000000   Number         0  stubs.o ABSOLUTE
    _printf_lc                               0x00000000   Number         0  stubs.o ABSOLUTE
    _printf_ll                               0x00000000   Number         0  stubs.o ABSOLUTE
    _printf_lld                              0x00000000   Number         0  stubs.o ABSOLUTE
    _printf_lli                              0x00000000   Number         0  stubs.o ABSOLUTE
    _printf_llo                              0x00000000   Number         0  stubs.o ABSOLUTE
    _printf_llu                              0x00000000   Number         0  stubs.o ABSOLUTE
    _printf_llx                              0x00000000   Number         0  stubs.o ABSOLUTE
    _printf_longlong_dec                     0x00000000   Number         0  stubs.o ABSOLUTE
    _printf_longlong_hex                     0x00000000   Number         0  stubs.o ABSOLUTE
    _printf_longlong_oct                     0x00000000   Number         0  stubs.o ABSOLUTE
    _printf_ls                               0x00000000   Number         0  stubs.o ABSOLUTE
    _printf_mbtowc                           0x00000000   Number         0  stubs.o ABSOLUTE
    _printf_n                                0x00000000   Number         0  stubs.o ABSOLUTE
    _printf_o                                0x00000000   Number         0  stubs.o ABSOLUTE
    _printf_p                                0x00000000   Number         0  stubs.o ABSOLUTE
    _printf_percent                          0x00000000   Number         0  stubs.o ABSOLUTE
    _printf_pre_padding                      0x00000000   Number         0  stubs.o ABSOLUTE
    _printf_return_value                     0x00000000   Number         0  stubs.o ABSOLUTE
    _printf_s                                0x00000000   Number         0  stubs.o ABSOLUTE
    _printf_sizespec                         0x00000000   Number         0  stubs.o ABSOLUTE
    _printf_str                              0x00000000   Number         0  stubs.o ABSOLUTE
    _printf_truncate_signed                  0x00000000   Number         0  stubs.o ABSOLUTE
    _printf_truncate_unsigned                0x00000000   Number         0  stubs.o ABSOLUTE
    _printf_u                                0x00000000   Number         0  stubs.o ABSOLUTE
    _printf_wc                               0x00000000   Number         0  stubs.o ABSOLUTE
    _printf_wctomb                           0x00000000   Number         0  stubs.o ABSOLUTE
    _printf_widthprec                        0x00000000   Number         0  stubs.o ABSOLUTE
    _printf_x                                0x00000000   Number         0  stubs.o ABSOLUTE
    __cpp_initialize__aeabi_                  - Undefined Weak Reference
    __cxa_finalize                            - Undefined Weak Reference
    __decompress                              - Undefined Weak Reference
    _clock_init                               - Undefined Weak Reference
    _microlib_exit                            - Undefined Weak Reference
    _scanf_longlong                           - Undefined Weak Reference
    _scanf_real                               - Undefined Weak Reference
    _scanf_string                             - Undefined Weak Reference
    att_dispatch_client_can_send_now         0x000059c1   Thumb Code     0  symdefs.m ABSOLUTE
    att_dispatch_client_request_can_send_now_event 0x000059c7   Thumb Code     0  symdefs.m ABSOLUTE
    att_dispatch_register_client             0x000059cd   Thumb Code     0  symdefs.m ABSOLUTE
    att_dispatch_register_server             0x000059e1   Thumb Code     0  symdefs.m ABSOLUTE
    att_dispatch_server_can_send_now         0x000059f5   Thumb Code     0  symdefs.m ABSOLUTE
    att_dispatch_server_request_can_send_now_event 0x000059fb   Thumb Code     0  symdefs.m ABSOLUTE
    att_emit_general_event                   0x00005aad   Thumb Code     0  symdefs.m ABSOLUTE
    att_server_can_send_packet_now           0x000061c1   Thumb Code     0  symdefs.m ABSOLUTE
    att_server_deferred_read_response        0x000061c5   Thumb Code     0  symdefs.m ABSOLUTE
    att_server_get_mtu                       0x000061dd   Thumb Code     0  symdefs.m ABSOLUTE
    att_server_indicate                      0x00006255   Thumb Code     0  symdefs.m ABSOLUTE
    att_server_init                          0x000062d9   Thumb Code     0  symdefs.m ABSOLUTE
    att_server_notify                        0x00006315   Thumb Code     0  symdefs.m ABSOLUTE
    att_server_register_packet_handler       0x0000642d   Thumb Code     0  symdefs.m ABSOLUTE
    att_server_request_can_send_now_event    0x00006439   Thumb Code     0  symdefs.m ABSOLUTE
    att_set_db                               0x00006455   Thumb Code     0  symdefs.m ABSOLUTE
    att_set_read_callback                    0x00006469   Thumb Code     0  symdefs.m ABSOLUTE
    att_set_write_callback                   0x00006475   Thumb Code     0  symdefs.m ABSOLUTE
    bd_addr_cmp                              0x000065e5   Thumb Code     0  symdefs.m ABSOLUTE
    bd_addr_copy                             0x000065eb   Thumb Code     0  symdefs.m ABSOLUTE
    bd_addr_to_str                           0x000065f5   Thumb Code     0  symdefs.m ABSOLUTE
    big_endian_read_16                       0x0000662d   Thumb Code     0  symdefs.m ABSOLUTE
    big_endian_read_32                       0x00006635   Thumb Code     0  symdefs.m ABSOLUTE
    big_endian_store_16                      0x00006649   Thumb Code     0  symdefs.m ABSOLUTE
    big_endian_store_32                      0x00006655   Thumb Code     0  symdefs.m ABSOLUTE
    btstack_config                           0x000067a9   Thumb Code     0  symdefs.m ABSOLUTE
    btstack_memory_pool_create               0x000068e7   Thumb Code     0  symdefs.m ABSOLUTE
    btstack_memory_pool_free                 0x00006911   Thumb Code     0  symdefs.m ABSOLUTE
    btstack_memory_pool_get                  0x00006971   Thumb Code     0  symdefs.m ABSOLUTE
    btstack_push_user_msg                    0x0000698d   Thumb Code     0  symdefs.m ABSOLUTE
    char_for_nibble                          0x00006c55   Thumb Code     0  symdefs.m ABSOLUTE
    eTaskConfirmSleepModeStatus              0x00006efd   Thumb Code     0  symdefs.m ABSOLUTE
    gap_add_dev_to_periodic_list             0x0000751d   Thumb Code     0  symdefs.m ABSOLUTE
    gap_add_whitelist                        0x00007535   Thumb Code     0  symdefs.m ABSOLUTE
    gap_aes_encrypt                          0x00007549   Thumb Code     0  symdefs.m ABSOLUTE
    gap_clear_white_lists                    0x0000758d   Thumb Code     0  symdefs.m ABSOLUTE
    gap_clr_adv_set                          0x0000759d   Thumb Code     0  symdefs.m ABSOLUTE
    gap_clr_periodic_adv_list                0x000075ad   Thumb Code     0  symdefs.m ABSOLUTE
    gap_create_connection_cancel             0x000075bd   Thumb Code     0  symdefs.m ABSOLUTE
    gap_disconnect                           0x000075cd   Thumb Code     0  symdefs.m ABSOLUTE
    gap_disconnect_all                       0x000075f9   Thumb Code     0  symdefs.m ABSOLUTE
    gap_ext_create_connection                0x00007639   Thumb Code     0  symdefs.m ABSOLUTE
    gap_get_connection_parameter_range       0x00007729   Thumb Code     0  symdefs.m ABSOLUTE
    gap_le_read_channel_map                  0x00007765   Thumb Code     0  symdefs.m ABSOLUTE
    gap_periodic_adv_create_sync             0x000077d9   Thumb Code     0  symdefs.m ABSOLUTE
    gap_periodic_adv_create_sync_cancel      0x000077fd   Thumb Code     0  symdefs.m ABSOLUTE
    gap_periodic_adv_term_sync               0x0000780d   Thumb Code     0  symdefs.m ABSOLUTE
    gap_read_periodic_adv_list_size          0x000078a1   Thumb Code     0  symdefs.m ABSOLUTE
    gap_read_phy                             0x000078b1   Thumb Code     0  symdefs.m ABSOLUTE
    gap_read_remote_info                     0x000078c5   Thumb Code     0  symdefs.m ABSOLUTE
    gap_read_remote_used_features            0x000078d9   Thumb Code     0  symdefs.m ABSOLUTE
    gap_read_rssi                            0x000078ed   Thumb Code     0  symdefs.m ABSOLUTE
    gap_remove_whitelist                     0x00007901   Thumb Code     0  symdefs.m ABSOLUTE
    gap_rmv_adv_set                          0x00007985   Thumb Code     0  symdefs.m ABSOLUTE
    gap_rmv_dev_from_periodic_list           0x00007999   Thumb Code     0  symdefs.m ABSOLUTE
    gap_rx_test_v2                           0x000079b1   Thumb Code     0  symdefs.m ABSOLUTE
    gap_set_adv_set_random_addr              0x000079f1   Thumb Code     0  symdefs.m ABSOLUTE
    gap_set_connection_parameter_range       0x00007a3d   Thumb Code     0  symdefs.m ABSOLUTE
    gap_set_data_length                      0x00007a55   Thumb Code     0  symdefs.m ABSOLUTE
    gap_set_def_phy                          0x00007a71   Thumb Code     0  symdefs.m ABSOLUTE
    gap_set_ext_adv_data                     0x00007a89   Thumb Code     0  symdefs.m ABSOLUTE
    gap_set_ext_adv_enable                   0x00007aa1   Thumb Code     0  symdefs.m ABSOLUTE
    gap_set_ext_adv_para                     0x00007b1d   Thumb Code     0  symdefs.m ABSOLUTE
    gap_set_ext_scan_enable                  0x00007bfd   Thumb Code     0  symdefs.m ABSOLUTE
    gap_set_ext_scan_para                    0x00007c15   Thumb Code     0  symdefs.m ABSOLUTE
    gap_set_ext_scan_response_data           0x00007cbd   Thumb Code     0  symdefs.m ABSOLUTE
    gap_set_host_channel_classification      0x00007cd5   Thumb Code     0  symdefs.m ABSOLUTE
    gap_set_periodic_adv_data                0x00007ce9   Thumb Code     0  symdefs.m ABSOLUTE
    gap_set_periodic_adv_enable              0x00007d5d   Thumb Code     0  symdefs.m ABSOLUTE
    gap_set_periodic_adv_para                0x00007d71   Thumb Code     0  symdefs.m ABSOLUTE
    gap_set_phy                              0x00007d89   Thumb Code     0  symdefs.m ABSOLUTE
    gap_set_random_device_address            0x00007da5   Thumb Code     0  symdefs.m ABSOLUTE
    gap_start_ccm                            0x00007dd5   Thumb Code     0  symdefs.m ABSOLUTE
    gap_test_end                             0x00007e09   Thumb Code     0  symdefs.m ABSOLUTE
    gap_tx_test_v2                           0x00007e19   Thumb Code     0  symdefs.m ABSOLUTE
    gap_tx_test_v4                           0x00007e31   Thumb Code     0  symdefs.m ABSOLUTE
    gap_update_connection_parameters         0x00007e59   Thumb Code     0  symdefs.m ABSOLUTE
    gap_vendor_tx_continuous_wave            0x00007e7d   Thumb Code     0  symdefs.m ABSOLUTE
    gatt_client_cancel_write                 0x000083a5   Thumb Code     0  symdefs.m ABSOLUTE
    gatt_client_discover_characteristic_descriptors 0x000083cb   Thumb Code     0  symdefs.m ABSOLUTE
    gatt_client_discover_characteristics_for_handle_range_by_uuid128 0x0000840b   Thumb Code     0  symdefs.m ABSOLUTE
    gatt_client_discover_characteristics_for_handle_range_by_uuid16 0x0000845b   Thumb Code     0  symdefs.m ABSOLUTE
    gatt_client_discover_characteristics_for_service 0x000084ab   Thumb Code     0  symdefs.m ABSOLUTE
    gatt_client_discover_primary_services    0x000084e1   Thumb Code     0  symdefs.m ABSOLUTE
    gatt_client_discover_primary_services_by_uuid128 0x00008513   Thumb Code     0  symdefs.m ABSOLUTE
    gatt_client_discover_primary_services_by_uuid16 0x00008557   Thumb Code     0  symdefs.m ABSOLUTE
    gatt_client_execute_write                0x00008593   Thumb Code     0  symdefs.m ABSOLUTE
    gatt_client_find_included_services_for_service 0x000085b9   Thumb Code     0  symdefs.m ABSOLUTE
    gatt_client_get_mtu                      0x000085e7   Thumb Code     0  symdefs.m ABSOLUTE
    gatt_client_is_ready                     0x00008689   Thumb Code     0  symdefs.m ABSOLUTE
    gatt_client_listen_for_characteristic_value_updates 0x0000869f   Thumb Code     0  symdefs.m ABSOLUTE
    gatt_client_prepare_write                0x000086c1   Thumb Code     0  symdefs.m ABSOLUTE
    gatt_client_read_characteristic_descriptor_using_descriptor_handle 0x000086fd   Thumb Code     0  symdefs.m ABSOLUTE
    gatt_client_read_long_characteristic_descriptor_using_descriptor_handle 0x00008727   Thumb Code     0  symdefs.m ABSOLUTE
    gatt_client_read_long_characteristic_descriptor_using_descriptor_handle_with_offset 0x0000872d   Thumb Code     0  symdefs.m ABSOLUTE
    gatt_client_read_long_value_of_characteristic_using_value_handle 0x0000875b   Thumb Code     0  symdefs.m ABSOLUTE
    gatt_client_read_long_value_of_characteristic_using_value_handle_with_offset 0x00008761   Thumb Code     0  symdefs.m ABSOLUTE
    gatt_client_read_multiple_characteristic_values 0x0000878f   Thumb Code     0  symdefs.m ABSOLUTE
    gatt_client_read_value_of_characteristic_using_value_handle 0x000087bf   Thumb Code     0  symdefs.m ABSOLUTE
    gatt_client_read_value_of_characteristics_by_uuid128 0x000087ed   Thumb Code     0  symdefs.m ABSOLUTE
    gatt_client_read_value_of_characteristics_by_uuid16 0x00008839   Thumb Code     0  symdefs.m ABSOLUTE
    gatt_client_register_handler             0x00008885   Thumb Code     0  symdefs.m ABSOLUTE
    gatt_client_reliable_write_long_value_of_characteristic 0x00008891   Thumb Code     0  symdefs.m ABSOLUTE
    gatt_client_signed_write_without_response 0x00008cc1   Thumb Code     0  symdefs.m ABSOLUTE
    gatt_client_write_characteristic_descriptor_using_descriptor_handle 0x00008d85   Thumb Code     0  symdefs.m ABSOLUTE
    gatt_client_write_client_characteristic_configuration 0x00008dbf   Thumb Code     0  symdefs.m ABSOLUTE
    gatt_client_write_long_characteristic_descriptor_using_descriptor_handle 0x00008e11   Thumb Code     0  symdefs.m ABSOLUTE
    gatt_client_write_long_characteristic_descriptor_using_descriptor_handle_with_offset 0x00008e21   Thumb Code     0  symdefs.m ABSOLUTE
    gatt_client_write_long_value_of_characteristic 0x00008e5d   Thumb Code     0  symdefs.m ABSOLUTE
    gatt_client_write_long_value_of_characteristic_with_offset 0x00008e6d   Thumb Code     0  symdefs.m ABSOLUTE
    gatt_client_write_value_of_characteristic 0x00008ea9   Thumb Code     0  symdefs.m ABSOLUTE
    gatt_client_write_value_of_characteristic_without_response 0x00008edf   Thumb Code     0  symdefs.m ABSOLUTE
    hci_add_event_handler                    0x0000a405   Thumb Code     0  symdefs.m ABSOLUTE
    hci_power_control                        0x0000abf9   Thumb Code     0  symdefs.m ABSOLUTE
    hci_register_acl_packet_handler          0x0000adad   Thumb Code     0  symdefs.m ABSOLUTE
    kv_commit                                0x0000b321   Thumb Code     0  symdefs.m ABSOLUTE
    kv_get                                   0x0000b379   Thumb Code     0  symdefs.m ABSOLUTE
    kv_init                                  0x0000b391   Thumb Code     0  symdefs.m ABSOLUTE
    kv_put                                   0x0000b3f9   Thumb Code     0  symdefs.m ABSOLUTE
    kv_remove                                0x0000b471   Thumb Code     0  symdefs.m ABSOLUTE
    kv_remove_all                            0x0000b4ad   Thumb Code     0  symdefs.m ABSOLUTE
    kv_value_modified                        0x0000b4f1   Thumb Code     0  symdefs.m ABSOLUTE
    kv_visit                                 0x0000b4f5   Thumb Code     0  symdefs.m ABSOLUTE
    l2cap_can_send_fixed_channel_packet_now  0x0000b5b5   Thumb Code     0  symdefs.m ABSOLUTE
    l2cap_can_send_packet_now                0x0000b5b9   Thumb Code     0  symdefs.m ABSOLUTE
    l2cap_create_channel                     0x0000b771   Thumb Code     0  symdefs.m ABSOLUTE
    l2cap_disconnect                         0x0000b8a9   Thumb Code     0  symdefs.m ABSOLUTE
    l2cap_get_remote_mtu_for_local_cid       0x0000bb1d   Thumb Code     0  symdefs.m ABSOLUTE
    l2cap_init                               0x0000bf15   Thumb Code     0  symdefs.m ABSOLUTE
    l2cap_le_send_flow_control_credit        0x0000bf55   Thumb Code     0  symdefs.m ABSOLUTE
    l2cap_max_le_mtu                         0x0000c1d9   Thumb Code     0  symdefs.m ABSOLUTE
    l2cap_max_mtu                            0x0000c1dd   Thumb Code     0  symdefs.m ABSOLUTE
    l2cap_next_local_cid                     0x0000c1e1   Thumb Code     0  symdefs.m ABSOLUTE
    l2cap_next_sig_id                        0x0000c1f1   Thumb Code     0  symdefs.m ABSOLUTE
    l2cap_register_fixed_channel             0x0000c289   Thumb Code     0  symdefs.m ABSOLUTE
    l2cap_register_packet_handler            0x0000c2a5   Thumb Code     0  symdefs.m ABSOLUTE
    l2cap_register_service                   0x0000c2b1   Thumb Code     0  symdefs.m ABSOLUTE
    l2cap_request_can_send_fix_channel_now_event 0x0000c395   Thumb Code     0  symdefs.m ABSOLUTE
    l2cap_request_can_send_now_event         0x0000c3b9   Thumb Code     0  symdefs.m ABSOLUTE
    l2cap_request_connection_parameter_update 0x0000c3d3   Thumb Code     0  symdefs.m ABSOLUTE
    l2cap_send                               0x0000c775   Thumb Code     0  symdefs.m ABSOLUTE
    l2cap_send_connectionless                0x0000c7ed   Thumb Code     0  symdefs.m ABSOLUTE
    l2cap_send_connectionless3               0x0000c87d   Thumb Code     0  symdefs.m ABSOLUTE
    l2cap_send_echo_request                  0x0000c915   Thumb Code     0  symdefs.m ABSOLUTE
    l2cap_send_signaling_le                  0x0000c979   Thumb Code     0  symdefs.m ABSOLUTE
    l2cap_unregister_service                 0x0000c9d1   Thumb Code     0  symdefs.m ABSOLUTE
    le_device_db_add                         0x0000ca29   Thumb Code     0  symdefs.m ABSOLUTE
    le_device_db_find                        0x0000cafd   Thumb Code     0  symdefs.m ABSOLUTE
    le_device_db_from_key                    0x0000cb29   Thumb Code     0  symdefs.m ABSOLUTE
    le_device_db_iter_cur                    0x0000cb31   Thumb Code     0  symdefs.m ABSOLUTE
    le_device_db_iter_cur_key                0x0000cb35   Thumb Code     0  symdefs.m ABSOLUTE
    le_device_db_iter_init                   0x0000cb39   Thumb Code     0  symdefs.m ABSOLUTE
    le_device_db_iter_next                   0x0000cb41   Thumb Code     0  symdefs.m ABSOLUTE
    le_device_db_remove_key                  0x0000cb67   Thumb Code     0  symdefs.m ABSOLUTE
    ll_free                                  0x0000cb93   Thumb Code     0  symdefs.m ABSOLUTE
    ll_hint_on_ce_len                        0x0000cb9d   Thumb Code     0  symdefs.m ABSOLUTE
    ll_legacy_adv_set_interval               0x0000cbd5   Thumb Code     0  symdefs.m ABSOLUTE
    ll_malloc                                0x0000cbe5   Thumb Code     0  symdefs.m ABSOLUTE
    ll_query_timing_info                     0x0000cd1d   Thumb Code     0  symdefs.m ABSOLUTE
    ll_scan_set_fixed_channel                0x0000cdc1   Thumb Code     0  symdefs.m ABSOLUTE
    ll_set_adv_access_address                0x0000ced5   Thumb Code     0  symdefs.m ABSOLUTE
    ll_set_adv_coded_scheme                  0x0000cee1   Thumb Code     0  symdefs.m ABSOLUTE
    ll_set_conn_coded_scheme                 0x0000cf11   Thumb Code     0  symdefs.m ABSOLUTE
    ll_set_conn_latency                      0x0000cf3d   Thumb Code     0  symdefs.m ABSOLUTE
    ll_set_conn_tx_power                     0x0000cf6d   Thumb Code     0  symdefs.m ABSOLUTE
    ll_set_def_antenna                       0x0000cfb5   Thumb Code     0  symdefs.m ABSOLUTE
    ll_set_initiating_coded_scheme           0x0000cfd1   Thumb Code     0  symdefs.m ABSOLUTE
    ll_set_max_conn_number                   0x0000cfdd   Thumb Code     0  symdefs.m ABSOLUTE
    nibble_for_char                          0x0001cdf5   Thumb Code     0  symdefs.m ABSOLUTE
    platform_32k_rc_auto_tune                0x0001ce91   Thumb Code     0  symdefs.m ABSOLUTE
    platform_32k_rc_tune                     0x0001cf0d   Thumb Code     0  symdefs.m ABSOLUTE
    platform_calibrate_32k                   0x0001cf21   Thumb Code     0  symdefs.m ABSOLUTE
    platform_config                          0x0001cf25   Thumb Code     0  symdefs.m ABSOLUTE
    platform_get_heap_status                 0x0001cff9   Thumb Code     0  symdefs.m ABSOLUTE
    platform_get_task_handle                 0x0001d011   Thumb Code     0  symdefs.m ABSOLUTE
    platform_get_us_time                     0x0001d031   Thumb Code     0  symdefs.m ABSOLUTE
    platform_get_version                     0x0001d035   Thumb Code     0  symdefs.m ABSOLUTE
    platform_hrng                            0x0001d03d   Thumb Code     0  symdefs.m ABSOLUTE
    platform_install_isr_stack               0x0001d045   Thumb Code     0  symdefs.m ABSOLUTE
    platform_patch_rf_init_data              0x0001d051   Thumb Code     0  symdefs.m ABSOLUTE
    platform_printf                          0x0001d05d   Thumb Code     0  symdefs.m ABSOLUTE
    platform_raise_assertion                 0x0001d071   Thumb Code     0  symdefs.m ABSOLUTE
    platform_rand                            0x0001d085   Thumb Code     0  symdefs.m ABSOLUTE
    platform_read_info                       0x0001d089   Thumb Code     0  symdefs.m ABSOLUTE
    platform_read_persistent_reg             0x0001d0a5   Thumb Code     0  symdefs.m ABSOLUTE
    platform_reset                           0x0001d0b5   Thumb Code     0  symdefs.m ABSOLUTE
    platform_set_evt_callback                0x0001d0e9   Thumb Code     0  symdefs.m ABSOLUTE
    platform_set_irq_callback                0x0001d0fd   Thumb Code     0  symdefs.m ABSOLUTE
    platform_set_rf_clk_source               0x0001d135   Thumb Code     0  symdefs.m ABSOLUTE
    platform_set_rf_init_data                0x0001d141   Thumb Code     0  symdefs.m ABSOLUTE
    platform_set_rf_power_mapping            0x0001d14d   Thumb Code     0  symdefs.m ABSOLUTE
    platform_set_timer                       0x0001d159   Thumb Code     0  symdefs.m ABSOLUTE
    platform_shutdown                        0x0001d15d   Thumb Code     0  symdefs.m ABSOLUTE
    platform_switch_app                      0x0001d161   Thumb Code     0  symdefs.m ABSOLUTE
    platform_trace_raw                       0x0001d18d   Thumb Code     0  symdefs.m ABSOLUTE
    platform_write_persistent_reg            0x0001d1a5   Thumb Code     0  symdefs.m ABSOLUTE
    printf_hexdump                           0x0001d1b5   Thumb Code     0  symdefs.m ABSOLUTE
    pvPortMalloc                             0x0001dcc1   Thumb Code     0  symdefs.m ABSOLUTE
    pvTaskIncrementMutexHeldCount            0x0001dda9   Thumb Code     0  symdefs.m ABSOLUTE
    pvTimerGetTimerID                        0x0001ddc1   Thumb Code     0  symdefs.m ABSOLUTE
    pxPortInitialiseStack                    0x0001dded   Thumb Code     0  symdefs.m ABSOLUTE
    reverse_128                              0x0001df95   Thumb Code     0  symdefs.m ABSOLUTE
    reverse_24                               0x0001df9b   Thumb Code     0  symdefs.m ABSOLUTE
    reverse_48                               0x0001dfa1   Thumb Code     0  symdefs.m ABSOLUTE
    reverse_56                               0x0001dfa7   Thumb Code     0  symdefs.m ABSOLUTE
    reverse_64                               0x0001dfad   Thumb Code     0  symdefs.m ABSOLUTE
    reverse_bd_addr                          0x0001dfb3   Thumb Code     0  symdefs.m ABSOLUTE
    reverse_bytes                            0x0001dfb9   Thumb Code     0  symdefs.m ABSOLUTE
    sm_add_event_handler                     0x0001e125   Thumb Code     0  symdefs.m ABSOLUTE
    sm_address_resolution_lookup             0x0001e27d   Thumb Code     0  symdefs.m ABSOLUTE
    sm_authenticated                         0x0001e5d5   Thumb Code     0  symdefs.m ABSOLUTE
    sm_authorization_decline                 0x0001e5e3   Thumb Code     0  symdefs.m ABSOLUTE
    sm_authorization_grant                   0x0001e603   Thumb Code     0  symdefs.m ABSOLUTE
    sm_authorization_state                   0x0001e623   Thumb Code     0  symdefs.m ABSOLUTE
    sm_bonding_decline                       0x0001e63d   Thumb Code     0  symdefs.m ABSOLUTE
    sm_config                                0x0001ea5d   Thumb Code     0  symdefs.m ABSOLUTE
    sm_config_conn                           0x0001ea75   Thumb Code     0  symdefs.m ABSOLUTE
    sm_encryption_key_size                   0x0001ec2b   Thumb Code     0  symdefs.m ABSOLUTE
    sm_just_works_confirm                    0x0001f135   Thumb Code     0  symdefs.m ABSOLUTE
    sm_le_device_key                         0x0001f471   Thumb Code     0  symdefs.m ABSOLUTE
    sm_passkey_input                         0x0001f507   Thumb Code     0  symdefs.m ABSOLUTE
    sm_private_random_address_generation_get 0x0001f8b5   Thumb Code     0  symdefs.m ABSOLUTE
    sm_private_random_address_generation_get_mode 0x0001f8bd   Thumb Code     0  symdefs.m ABSOLUTE
    sm_private_random_address_generation_set_mode 0x0001f8c9   Thumb Code     0  symdefs.m ABSOLUTE
    sm_private_random_address_generation_set_update_period 0x0001f8f1   Thumb Code     0  symdefs.m ABSOLUTE
    sm_register_oob_data_callback            0x0001fa2d   Thumb Code     0  symdefs.m ABSOLUTE
    sm_request_pairing                       0x0001fa39   Thumb Code     0  symdefs.m ABSOLUTE
    sm_send_security_request                 0x00020457   Thumb Code     0  symdefs.m ABSOLUTE
    sm_set_accepted_stk_generation_methods   0x0002047d   Thumb Code     0  symdefs.m ABSOLUTE
    sm_set_authentication_requirements       0x00020489   Thumb Code     0  symdefs.m ABSOLUTE
    sm_set_encryption_key_size_range         0x00020495   Thumb Code     0  symdefs.m ABSOLUTE
    sscanf_bd_addr                           0x000207f1   Thumb Code     0  symdefs.m ABSOLUTE
    sysSetPublicDeviceAddr                   0x00020b59   Thumb Code     0  symdefs.m ABSOLUTE
    uuid128_to_str                           0x0002113d   Thumb Code     0  symdefs.m ABSOLUTE
    uuid_add_bluetooth_prefix                0x00021195   Thumb Code     0  symdefs.m ABSOLUTE
    uuid_has_bluetooth_prefix                0x000211b5   Thumb Code     0  symdefs.m ABSOLUTE
    uxListRemove                             0x000211d1   Thumb Code     0  symdefs.m ABSOLUTE
    uxQueueMessagesWaiting                   0x000211f9   Thumb Code     0  symdefs.m ABSOLUTE
    uxQueueMessagesWaitingFromISR            0x00021221   Thumb Code     0  symdefs.m ABSOLUTE
    uxQueueSpacesAvailable                   0x0002123d   Thumb Code     0  symdefs.m ABSOLUTE
    uxTaskGetStackHighWaterMark              0x00021269   Thumb Code     0  symdefs.m ABSOLUTE
    uxTaskPriorityGet                        0x00021289   Thumb Code     0  symdefs.m ABSOLUTE
    uxTaskPriorityGetFromISR                 0x000212a5   Thumb Code     0  symdefs.m ABSOLUTE
    vListInitialise                          0x00021357   Thumb Code     0  symdefs.m ABSOLUTE
    vListInitialiseItem                      0x0002136d   Thumb Code     0  symdefs.m ABSOLUTE
    vListInsert                              0x00021373   Thumb Code     0  symdefs.m ABSOLUTE
    vListInsertEnd                           0x000213a3   Thumb Code     0  symdefs.m ABSOLUTE
    vPortEndScheduler                        0x000213bd   Thumb Code     0  symdefs.m ABSOLUTE
    vPortEnterCritical                       0x000213e5   Thumb Code     0  symdefs.m ABSOLUTE
    vPortExitCritical                        0x00021429   Thumb Code     0  symdefs.m ABSOLUTE
    vPortFree                                0x00021459   Thumb Code     0  symdefs.m ABSOLUTE
    vPortSuppressTicksAndSleep               0x000214ed   Thumb Code     0  symdefs.m ABSOLUTE
    vPortValidateInterruptPriority           0x000215f5   Thumb Code     0  symdefs.m ABSOLUTE
    vQueueDelete                             0x0002164d   Thumb Code     0  symdefs.m ABSOLUTE
    vQueueWaitForMessageRestricted           0x00021679   Thumb Code     0  symdefs.m ABSOLUTE
    vTaskDelay                               0x000216c1   Thumb Code     0  symdefs.m ABSOLUTE
    vTaskInternalSetTimeOutState             0x0002170d   Thumb Code     0  symdefs.m ABSOLUTE
    vTaskMissedYield                         0x0002171d   Thumb Code     0  symdefs.m ABSOLUTE
    vTaskPlaceOnEventList                    0x00021729   Thumb Code     0  symdefs.m ABSOLUTE
    vTaskPlaceOnEventListRestricted          0x00021761   Thumb Code     0  symdefs.m ABSOLUTE
    vTaskPriorityDisinheritAfterTimeout      0x000217a1   Thumb Code     0  symdefs.m ABSOLUTE
    vTaskPrioritySet                         0x0002184d   Thumb Code     0  symdefs.m ABSOLUTE
    vTaskResume                              0x00021915   Thumb Code     0  symdefs.m ABSOLUTE
    vTaskStartScheduler                      0x00021999   Thumb Code     0  symdefs.m ABSOLUTE
    vTaskStepTick                            0x00021a29   Thumb Code     0  symdefs.m ABSOLUTE
    vTaskSuspend                             0x00021a59   Thumb Code     0  symdefs.m ABSOLUTE
    vTaskSuspendAll                          0x00021b15   Thumb Code     0  symdefs.m ABSOLUTE
    vTaskSwitchContext                       0x00021b25   Thumb Code     0  symdefs.m ABSOLUTE
    xPortStartScheduler                      0x00021bcd   Thumb Code     0  symdefs.m ABSOLUTE
    xQueueAddToSet                           0x00021c8d   Thumb Code     0  symdefs.m ABSOLUTE
    xQueueCreateCountingSemaphore            0x00021cb1   Thumb Code     0  symdefs.m ABSOLUTE
    xQueueCreateCountingSemaphoreStatic      0x00021ced   Thumb Code     0  symdefs.m ABSOLUTE
    xQueueCreateMutex                        0x00021d31   Thumb Code     0  symdefs.m ABSOLUTE
    xQueueCreateMutexStatic                  0x00021d47   Thumb Code     0  symdefs.m ABSOLUTE
    xQueueCreateSet                          0x00021d61   Thumb Code     0  symdefs.m ABSOLUTE
    xQueueGenericCreate                      0x00021d69   Thumb Code     0  symdefs.m ABSOLUTE
    xQueueGenericCreateStatic                0x00021db5   Thumb Code     0  symdefs.m ABSOLUTE
    xQueueGenericReset                       0x00021e1d   Thumb Code     0  symdefs.m ABSOLUTE
    xQueueGenericSend                        0x00021ea9   Thumb Code     0  symdefs.m ABSOLUTE
    xQueueGenericSendFromISR                 0x00022015   Thumb Code     0  symdefs.m ABSOLUTE
    xQueueGiveFromISR                        0x000220d5   Thumb Code     0  symdefs.m ABSOLUTE
    xQueueGiveMutexRecursive                 0x00022179   Thumb Code     0  symdefs.m ABSOLUTE
    xQueueIsQueueEmptyFromISR                0x000221b9   Thumb Code     0  symdefs.m ABSOLUTE
    xQueueIsQueueFullFromISR                 0x000221dd   Thumb Code     0  symdefs.m ABSOLUTE
    xQueuePeek                               0x00022205   Thumb Code     0  symdefs.m ABSOLUTE
    xQueuePeekFromISR                        0x0002232d   Thumb Code     0  symdefs.m ABSOLUTE
    xQueueReceive                            0x00022399   Thumb Code     0  symdefs.m ABSOLUTE
    xQueueReceiveFromISR                     0x000224c5   Thumb Code     0  symdefs.m ABSOLUTE
    xQueueRemoveFromSet                      0x00022559   Thumb Code     0  symdefs.m ABSOLUTE
    xQueueSelectFromSet                      0x0002257b   Thumb Code     0  symdefs.m ABSOLUTE
    xQueueSelectFromSetFromISR               0x0002258d   Thumb Code     0  symdefs.m ABSOLUTE
    xQueueSemaphoreTake                      0x000225a1   Thumb Code     0  symdefs.m ABSOLUTE
    xQueueTakeMutexRecursive                 0x0002270d   Thumb Code     0  symdefs.m ABSOLUTE
    xTaskCheckForTimeOut                     0x00022751   Thumb Code     0  symdefs.m ABSOLUTE
    xTaskCreate                              0x000227c1   Thumb Code     0  symdefs.m ABSOLUTE
    xTaskCreateStatic                        0x0002281d   Thumb Code     0  symdefs.m ABSOLUTE
    xTaskGetCurrentTaskHandle                0x0002288d   Thumb Code     0  symdefs.m ABSOLUTE
    xTaskGetSchedulerState                   0x00022899   Thumb Code     0  symdefs.m ABSOLUTE
    xTaskGetTickCount                        0x000228b5   Thumb Code     0  symdefs.m ABSOLUTE
    xTaskGetTickCountFromISR                 0x000228c1   Thumb Code     0  symdefs.m ABSOLUTE
    xTaskIncrementTick                       0x000228d1   Thumb Code     0  symdefs.m ABSOLUTE
    xTaskPriorityDisinherit                  0x0002299d   Thumb Code     0  symdefs.m ABSOLUTE
    xTaskPriorityInherit                     0x00022a31   Thumb Code     0  symdefs.m ABSOLUTE
    xTaskRemoveFromEventList                 0x00022ac5   Thumb Code     0  symdefs.m ABSOLUTE
    xTaskResumeAll                           0x00022b45   Thumb Code     0  symdefs.m ABSOLUTE
    xTaskResumeFromISR                       0x00022c0d   Thumb Code     0  symdefs.m ABSOLUTE
    xTimerCreate                             0x00022c99   Thumb Code     0  symdefs.m ABSOLUTE
    xTimerCreateStatic                       0x00022ccd   Thumb Code     0  symdefs.m ABSOLUTE
    xTimerCreateTimerTask                    0x00022d05   Thumb Code     0  symdefs.m ABSOLUTE
    xTimerGenericCommand                     0x00022d71   Thumb Code     0  symdefs.m ABSOLUTE
    xTimerGetExpiryTime                      0x00022de1   Thumb Code     0  symdefs.m ABSOLUTE
    xTimerGetTimerDaemonTaskHandle           0x00022e01   Thumb Code     0  symdefs.m ABSOLUTE
    __Vectors                                0x00026000   Data           4  startup_ing91800.o(RESET)
    __main                                   0x00026009   Thumb Code     0  entry.o(.ARM.Collect$$$$00000000)
    _main_stk                                0x00026009   Thumb Code     0  entry2.o(.ARM.Collect$$$$00000001)
    _main_scatterload                        0x0002600d   Thumb Code     0  entry5.o(.ARM.Collect$$$$00000004)
    __main_after_scatterload                 0x00026011   Thumb Code     0  entry5.o(.ARM.Collect$$$$00000004)
    _main_clock                              0x00026011   Thumb Code     0  entry7b.o(.ARM.Collect$$$$00000008)
    _main_cpp_init                           0x00026011   Thumb Code     0  entry8b.o(.ARM.Collect$$$$0000000A)
    _main_init                               0x00026011   Thumb Code     0  entry9a.o(.ARM.Collect$$$$0000000B)
    __rt_final_cpp                           0x00026019   Thumb Code     0  entry10a.o(.ARM.Collect$$$$0000000D)
    __rt_final_exit                          0x00026019   Thumb Code     0  entry11a.o(.ARM.Collect$$$$0000000F)
    Reset_Handler                            0x0002601d   Thumb Code     6  startup_ing91800.o(.text)
    main                                     0x00026025   Thumb Code     6  startup_ing91800.o(.text)
    __scatterload                            0x00026035   Thumb Code    28  init.o(.text)
    __scatterload_rt2                        0x00026035   Thumb Code     0  init.o(.text)
    __aeabi_uldivmod                         0x00026059   Thumb Code    98  uldiv.o(.text)
    __rt_ctype_table                         0x000260bd   Thumb Code     4  ctype_o.o(.text)
    isspace                                  0x000260c5   Thumb Code    18  isspace_o.o(.text)
    __aeabi_memcpy                           0x000260d7   Thumb Code    36  memcpya.o(.text)
    __aeabi_memcpy4                          0x000260d7   Thumb Code     0  memcpya.o(.text)
    __aeabi_memcpy8                          0x000260d7   Thumb Code     0  memcpya.o(.text)
    __aeabi_memset                           0x000260fb   Thumb Code    14  memseta.o(.text)
    __aeabi_memset4                          0x000260fb   Thumb Code     0  memseta.o(.text)
    __aeabi_memset8                          0x000260fb   Thumb Code     0  memseta.o(.text)
    __aeabi_memclr                           0x00026109   Thumb Code     4  memseta.o(.text)
    __aeabi_memclr4                          0x00026109   Thumb Code     0  memseta.o(.text)
    __aeabi_memclr8                          0x00026109   Thumb Code     0  memseta.o(.text)
    _memset$wrapper                          0x0002610d   Thumb Code    18  memseta.o(.text)
    strcat                                   0x0002611f   Thumb Code    24  strcat.o(.text)
    strlen                                   0x00026137   Thumb Code    14  strlen.o(.text)
    memcmp                                   0x00026145   Thumb Code    26  memcmp.o(.text)
    strcpy                                   0x0002615f   Thumb Code    18  strcpy.o(.text)
    strcasecmp                               0x00026171   Thumb Code    42  strcasecmp.o(.text)
    __0sscanf                                0x0002619d   Thumb Code    48  __0sscanf.o(.text)
    _scanf_int                               0x000261d5   Thumb Code   332  _scanf_int.o(.text)
    __aeabi_llsl                             0x00026321   Thumb Code    30  llshl.o(.text)
    _ll_shift_l                              0x00026321   Thumb Code     0  llshl.o(.text)
    __aeabi_llsr                             0x0002633f   Thumb Code    32  llushr.o(.text)
    _ll_ushift_r                             0x0002633f   Thumb Code     0  llushr.o(.text)
    tolower                                  0x0002635f   Thumb Code    12  tolower.o(.text)
    _chval                                   0x0002636b   Thumb Code    28  _chval.o(.text)
    __vfscanf_char                           0x00026395   Thumb Code    20  scanf_char.o(.text)
    _sgetc                                   0x000263b1   Thumb Code    30  _sgetc.o(.text)
    _sbackspace                              0x000263cf   Thumb Code    34  _sgetc.o(.text)
    __vfscanf                                0x000263f1   Thumb Code   808  _scanf.o(.text)
    AoA_MQTT_Setup_8266                      0x000268a1   Thumb Code   102  aoa_service.o(i.AoA_MQTT_Setup_8266)
    AoA_ServiceInit                          0x000269d1   Thumb Code    26  aoa_service.o(i.AoA_ServiceInit)
    AoA_SetAddrStrMapByUart                  0x00026a11   Thumb Code   126  aoa_service.o(i.AoA_SetAddrStrMapByUart)
    Delay                                    0x00026b11   Thumb Code    22  aoa_service.o(i.Delay)
    UART_SendData                            0x00026b27   Thumb Code     4  peripheral_uart.o(i.UART_SendData)
    __0printf$8                              0x00026b2d   Thumb Code    22  printf8.o(i.__0printf$8)
    __1printf$8                              0x00026b2d   Thumb Code     0  printf8.o(i.__0printf$8)
    __2printf                                0x00026b2d   Thumb Code     0  printf8.o(i.__0printf$8)
    __0sprintf$8                             0x00026b4d   Thumb Code    34  printf8.o(i.__0sprintf$8)
    __1sprintf$8                             0x00026b4d   Thumb Code     0  printf8.o(i.__0sprintf$8)
    __2sprintf                               0x00026b4d   Thumb Code     0  printf8.o(i.__0sprintf$8)
    __scatterload_copy                       0x00026b75   Thumb Code    14  handlers.o(i.__scatterload_copy)
    __scatterload_null                       0x00026b83   Thumb Code     2  handlers.o(i.__scatterload_null)
    __scatterload_zeroinit                   0x00026b85   Thumb Code    14  handlers.o(i.__scatterload_zeroinit)
    apUART_BaudRateSet                       0x00027001   Thumb Code    50  peripheral_uart.o(i.apUART_BaudRateSet)
    apUART_Check_RXFIFO_EMPTY                0x00027033   Thumb Code     8  peripheral_uart.o(i.apUART_Check_RXFIFO_EMPTY)
    apUART_Check_TXFIFO_FULL                 0x0002703b   Thumb Code     8  peripheral_uart.o(i.apUART_Check_TXFIFO_FULL)
    apUART_Get_all_raw_int_stat              0x00027043   Thumb Code     4  peripheral_uart.o(i.apUART_Get_all_raw_int_stat)
    apUART_Initialize                        0x00027047   Thumb Code   112  peripheral_uart.o(i.apUART_Initialize)
    app_main                                 0x000270b9   Thumb Code    66  main.o(i.app_main)
    cancel_create_conn                       0x0002716d   Thumb Code    10  profile.o(i.cancel_create_conn)
    cb_assertion                             0x00027179   Thumb Code    18  main.o(i.cb_assertion)
    cb_hard_fault                            0x000271a9   Thumb Code    36  main.o(i.cb_hard_fault)
    cb_putc                                  0x000271d1   Thumb Code    28  main.o(i.cb_putc)
    cmd_conn                                 0x000272b5   Thumb Code    30  uart_console.o(i.cmd_conn)
    cmd_conn_cancel                          0x000272d9   Thumb Code     4  uart_console.o(i.cmd_conn_cancel)
    cmd_help                                 0x000272dd   Thumb Code    22  uart_console.o(i.cmd_help)
    cmd_setup_8266                           0x000272f9   Thumb Code     4  uart_console.o(i.cmd_setup_8266)
    cmd_sub_char                             0x000272fd   Thumb Code    44  uart_console.o(i.cmd_sub_char)
    cmd_unsub_char                           0x00027331   Thumb Code    44  uart_console.o(i.cmd_unsub_char)
    config_uart                              0x00027365   Thumb Code    72  main.o(i.config_uart)
    conn_to_slave                            0x000273b1   Thumb Code    10  profile.o(i.conn_to_slave)
    console_rx_data                          0x000273bd   Thumb Code   102  uart_console.o(i.console_rx_data)
    do_set_data                              0x000275f9   Thumb Code    14  profile.o(i.do_set_data)
    fputc                                    0x0002760d   Thumb Code    14  main.o(i.fputc)
    free                                     0x0002761d   Thumb Code    76  malloc.o(i.free)
    free_services                            0x000276bd   Thumb Code    22  gatt_client_util.o(i.free_services)
    gatt_client_util_discover_all            0x000276d9   Thumb Code    74  gatt_client_util.o(i.gatt_client_util_discover_all)
    gatt_client_util_dump_profile            0x00027741   Thumb Code   134  gatt_client_util.o(i.gatt_client_util_dump_profile)
    gatt_client_util_find_char               0x000278c1   Thumb Code    30  gatt_client_util.o(i.gatt_client_util_find_char)
    gatt_client_util_find_config_desc        0x000278df   Thumb Code    42  gatt_client_util.o(i.gatt_client_util_find_config_desc)
    gatt_client_util_free                    0x00027909   Thumb Code    20  gatt_client_util.o(i.gatt_client_util_free)
    gatt_client_util_print_properties        0x0002791d   Thumb Code   102  gatt_client_util.o(i.gatt_client_util_print_properties)
    gatt_client_util_print_uuid              0x00027a05   Thumb Code   102  gatt_client_util.o(i.gatt_client_util_print_uuid)
    handle_command                           0x00027a91   Thumb Code    96  uart_console.o(i.handle_command)
    is_new_advertiser                        0x00027bc9   Thumb Code    80  profile.o(i.is_new_advertiser)
    malloc                                   0x00027c5d   Thumb Code    92  malloc.o(i.malloc)
    parse_addr                               0x00027da1   Thumb Code    84  uart_console.o(i.parse_addr)
    print_fun                                0x00027e95   Thumb Code     8  profile.o(i.print_fun)
    print_hex_table                          0x00027ea1   Thumb Code   176  str_util.o(i.print_hex_table)
    puts                                     0x00027fb5   Thumb Code    30  puts.o(i.puts)
    setup_peripherals                        0x0002809d   Thumb Code    10  main.o(i.setup_peripherals)
    setup_profile                            0x000280ad   Thumb Code    48  profile.o(i.setup_profile)
    sub_to_char                              0x000280fd   Thumb Code    10  profile.o(i.sub_to_char)
    trace_full_dump                          0x00028109   Thumb Code   110  trace.o(i.trace_full_dump)
    uart_isr                                 0x000281f5   Thumb Code    52  main.o(i.uart_isr)
    unsub_to_char                            0x0002822d   Thumb Code    10  profile.o(i.unsub_to_char)
    write_characteristic_descriptor_callback 0x000287b1   Thumb Code    36  profile.o(i.write_characteristic_descriptor_callback)
    __ctype_table                            0x00029192   Data         129  ctype_o.o(.constdata)
    Region$$Table$$Base                      0x000293e0   Number         0  anon$$obj.o(Region$$Table)
    Region$$Table$$Limit                     0x00029400   Number         0  anon$$obj.o(Region$$Table)
    slave_addr_type                          0x200057e0   Data           1  profile.o(.data)
    mas_conn_handle                          0x200057e2   Data           2  profile.o(.data)
    sla_conn_handle                          0x200057e4   Data           2  profile.o(.data)
    advertiser_num                           0x200057e8   Data           4  profile.o(.data)
    is_targeted_scan                         0x200057ec   Data           4  profile.o(.data)
    discoverer                               0x200057f0   Data           4  profile.o(.data)
    slave_addr                               0x200057f8   Data           6  profile.o(.data)
    last_seen                                0x20005800   Data           8  profile.o(.data)
    sm_persistent                            0x20005810   Data          39  profile.o(.data)
    g_devNum                                 0x200058a0   Data           1  aoa_service.o(.data)
    g_checkNewFlg                            0x200058a1   Data           1  aoa_service.o(.data)
    g_iqReportStrLen                         0x200058a2   Data           2  aoa_service.o(.data)
    AoA_iqReportProcessTimer                 0x200058a4   Data           4  aoa_service.o(.data)
    __stdout                                 0x200058a8   Data           4  stdout.o(.data)
    __microlib_freelist                      0x200058ac   Data           4  mvars.o(.data)
    __microlib_freelist_initialised          0x200058b0   Data           4  mvars.o(.data)
    scaned_advertisers                       0x200058b4   Data         300  profile.o(.bss)
    input                                    0x200059e0   Data         714  uart_console.o(.bss)
    output                                   0x20005caa   Data         714  uart_console.o(.bss)
    g_iq_str_buffer                          0x20005f74   Data         300  aoa_service.o(.bss)
    g_deviceList                             0x200060a0   Data         317  aoa_service.o(.bss)
    AoA_addrStrMap                           0x200061dd   Data          54  aoa_service.o(.bss)
    _SEGGER_RTT                              0x20006258   Data          72  trace.o(.bss)
    discoverers                              0x200064ec   Data          32  gatt_client_util.o(.bss)
    __heap_base                              0x20006510   Data           0  startup_ing91800.o(HEAP)
    __heap_limit                             0x20007510   Data           0  startup_ing91800.o(HEAP)
    __initial_sp                             0x20007514   Data           0  startup_ing91800.o(STACK)



==============================================================================

Memory Map of the image

  Image Entry point : 0x00026009

  Load Region LR_IROM1 (Base: 0x00026000, Size: 0x000034d4, Max: 0x0001e000, ABSOLUTE)

    Execution Region ER_IROM1 (Base: 0x00026000, Size: 0x00003400, Max: 0x0001e000, ABSOLUTE)

    Base Addr    Size         Type   Attr      Idx    E Section Name        Object

    0x00026000   0x00000008   Data   RO          571    RESET               startup_ing91800.o
    0x00026008   0x00000000   Code   RO         1734  * .ARM.Collect$$$$00000000  mc_w.l(entry.o)
    0x00026008   0x00000004   Code   RO         2096    .ARM.Collect$$$$00000001  mc_w.l(entry2.o)
    0x0002600c   0x00000004   Code   RO         2099    .ARM.Collect$$$$00000004  mc_w.l(entry5.o)
    0x00026010   0x00000000   Code   RO         2101    .ARM.Collect$$$$00000008  mc_w.l(entry7b.o)
    0x00026010   0x00000000   Code   RO         2103    .ARM.Collect$$$$0000000A  mc_w.l(entry8b.o)
    0x00026010   0x00000008   Code   RO         2104    .ARM.Collect$$$$0000000B  mc_w.l(entry9a.o)
    0x00026018   0x00000000   Code   RO         2106    .ARM.Collect$$$$0000000D  mc_w.l(entry10a.o)
    0x00026018   0x00000000   Code   RO         2108    .ARM.Collect$$$$0000000F  mc_w.l(entry11a.o)
    0x00026018   0x00000004   Code   RO         2097    .ARM.Collect$$$$00002712  mc_w.l(entry2.o)
    0x0002601c   0x00000018   Code   RO          572    .text               startup_ing91800.o
    0x00026034   0x00000024   Code   RO         1735    .text               mc_w.l(init.o)
    0x00026058   0x00000062   Code   RO         1743    .text               mc_w.l(uldiv.o)
    0x000260ba   0x00000002   PAD
    0x000260bc   0x00000008   Code   RO         1745    .text               mc_w.l(ctype_o.o)
    0x000260c4   0x00000012   Code   RO         1767    .text               mc_w.l(isspace_o.o)
    0x000260d6   0x00000024   Code   RO         1773    .text               mc_w.l(memcpya.o)
    0x000260fa   0x00000024   Code   RO         1775    .text               mc_w.l(memseta.o)
    0x0002611e   0x00000018   Code   RO         1777    .text               mc_w.l(strcat.o)
    0x00026136   0x0000000e   Code   RO         1779    .text               mc_w.l(strlen.o)
    0x00026144   0x0000001a   Code   RO         1781    .text               mc_w.l(memcmp.o)
    0x0002615e   0x00000012   Code   RO         1783    .text               mc_w.l(strcpy.o)
    0x00026170   0x0000002a   Code   RO         1787    .text               mc_w.l(strcasecmp.o)
    0x0002619a   0x00000002   PAD
    0x0002619c   0x00000038   Code   RO         2078    .text               mc_w.l(__0sscanf.o)
    0x000261d4   0x0000014c   Code   RO         2080    .text               mc_w.l(_scanf_int.o)
    0x00026320   0x0000001e   Code   RO         2113    .text               mc_w.l(llshl.o)
    0x0002633e   0x00000020   Code   RO         2115    .text               mc_w.l(llushr.o)
    0x0002635e   0x0000000c   Code   RO         2119    .text               mc_w.l(tolower.o)
    0x0002636a   0x0000001c   Code   RO         2123    .text               mc_w.l(_chval.o)
    0x00026386   0x00000002   PAD
    0x00026388   0x00000028   Code   RO         2125    .text               mc_w.l(scanf_char.o)
    0x000263b0   0x00000040   Code   RO         2127    .text               mc_w.l(_sgetc.o)
    0x000263f0   0x0000032c   Code   RO         2144    .text               mc_w.l(_scanf.o)
    0x0002671c   0x000000ac   Code   RO          507    i.AoA_CheckNewDevice  aoa_service.o
    0x000267c8   0x000000d8   Code   RO          508    i.AoA_IqReportProcessTimerCallback  aoa_service.o
    0x000268a0   0x00000130   Code   RO          509    i.AoA_MQTT_Setup_8266  aoa_service.o
    0x000269d0   0x00000040   Code   RO          510    i.AoA_ServiceInit   aoa_service.o
    0x00026a10   0x00000100   Code   RO          511    i.AoA_SetAddrStrMapByUart  aoa_service.o
    0x00026b10   0x00000016   Code   RO          512    i.Delay             aoa_service.o
    0x00026b26   0x00000004   Code   RO          702    i.UART_SendData     peripheral_uart.o
    0x00026b2a   0x00000002   PAD
    0x00026b2c   0x00000020   Code   RO         1996    i.__0printf$8       mc_w.l(printf8.o)
    0x00026b4c   0x00000028   Code   RO         1998    i.__0sprintf$8      mc_w.l(printf8.o)
    0x00026b74   0x0000000e   Code   RO         2151    i.__scatterload_copy  mc_w.l(handlers.o)
    0x00026b82   0x00000002   Code   RO         2152    i.__scatterload_null  mc_w.l(handlers.o)
    0x00026b84   0x0000000e   Code   RO         2153    i.__scatterload_zeroinit  mc_w.l(handlers.o)
    0x00026b92   0x00000002   PAD
    0x00026b94   0x00000410   Code   RO         2003    i._printf_core      mc_w.l(printf8.o)
    0x00026fa4   0x00000024   Code   RO         2004    i._printf_post_padding  mc_w.l(printf8.o)
    0x00026fc8   0x0000002e   Code   RO         2005    i._printf_pre_padding  mc_w.l(printf8.o)
    0x00026ff6   0x0000000a   Code   RO         2007    i._sputc            mc_w.l(printf8.o)
    0x00027000   0x00000032   Code   RO          704    i.apUART_BaudRateSet  peripheral_uart.o
    0x00027032   0x00000008   Code   RO          706    i.apUART_Check_RXFIFO_EMPTY  peripheral_uart.o
    0x0002703a   0x00000008   Code   RO          710    i.apUART_Check_TXFIFO_FULL  peripheral_uart.o
    0x00027042   0x00000004   Code   RO          719    i.apUART_Get_all_raw_int_stat  peripheral_uart.o
    0x00027046   0x00000070   Code   RO          720    i.apUART_Initialize  peripheral_uart.o
    0x000270b6   0x00000002   PAD
    0x000270b8   0x0000007c   Code   RO            4    i.app_main          main.o
    0x00027134   0x00000030   Code   RO          411    i.append_data       uart_console.o
    0x00027164   0x00000004   Code   RO          197    i.att_read_callback  profile.o
    0x00027168   0x00000004   Code   RO          198    i.att_write_callback  profile.o
    0x0002716c   0x0000000a   Code   RO          199    i.cancel_create_conn  profile.o
    0x00027176   0x00000002   PAD
    0x00027178   0x00000030   Code   RO            5    i.cb_assertion      main.o
    0x000271a8   0x00000028   Code   RO            6    i.cb_hard_fault     main.o
    0x000271d0   0x00000020   Code   RO            7    i.cb_putc           main.o
    0x000271f0   0x000000c4   Code   RO         1575    i.characteristic_discovery_callback  gatt_client_util.o
    0x000272b4   0x00000024   Code   RO          412    i.cmd_conn          uart_console.o
    0x000272d8   0x00000004   Code   RO          413    i.cmd_conn_cancel   uart_console.o
    0x000272dc   0x0000001c   Code   RO          414    i.cmd_help          uart_console.o
    0x000272f8   0x00000004   Code   RO          415    i.cmd_setup_8266    uart_console.o
    0x000272fc   0x00000034   Code   RO          416    i.cmd_sub_char      uart_console.o
    0x00027330   0x00000034   Code   RO          417    i.cmd_unsub_char    uart_console.o
    0x00027364   0x0000004c   Code   RO            8    i.config_uart       main.o
    0x000273b0   0x0000000a   Code   RO          200    i.conn_to_slave     profile.o
    0x000273ba   0x00000002   PAD
    0x000273bc   0x0000006c   Code   RO          418    i.console_rx_data   uart_console.o
    0x00027428   0x00000064   Code   RO          201    i.decode_version    profile.o
    0x0002748c   0x000000d0   Code   RO         1576    i.descriptor_discovery_callback  gatt_client_util.o
    0x0002755c   0x00000058   Code   RO         1577    i.discover_char_of_service  gatt_client_util.o
    0x000275b4   0x00000044   Code   RO         1578    i.discover_desc_of_char  gatt_client_util.o
    0x000275f8   0x00000014   Code   RO          202    i.do_set_data       profile.o
    0x0002760c   0x0000000e   Code   RO            9    i.fputc             main.o
    0x0002761a   0x00000002   PAD
    0x0002761c   0x00000050   Code   RO         2050    i.free              mc_w.l(malloc.o)
    0x0002766c   0x00000022   Code   RO         1579    i.free_char         gatt_client_util.o
    0x0002768e   0x00000002   PAD
    0x00027690   0x0000000c   Code   RO         1580    i.free_list         gatt_client_util.o
    0x0002769c   0x00000020   Code   RO         1581    i.free_service      gatt_client_util.o
    0x000276bc   0x0000001c   Code   RO         1582    i.free_services     gatt_client_util.o
    0x000276d8   0x00000068   Code   RO         1583    i.gatt_client_util_discover_all  gatt_client_util.o
    0x00027740   0x00000180   Code   RO         1584    i.gatt_client_util_dump_profile  gatt_client_util.o
    0x000278c0   0x0000001e   Code   RO         1585    i.gatt_client_util_find_char  gatt_client_util.o
    0x000278de   0x0000002a   Code   RO         1588    i.gatt_client_util_find_config_desc  gatt_client_util.o
    0x00027908   0x00000014   Code   RO         1589    i.gatt_client_util_free  gatt_client_util.o
    0x0002791c   0x000000e8   Code   RO         1591    i.gatt_client_util_print_properties  gatt_client_util.o
    0x00027a04   0x00000074   Code   RO         1592    i.gatt_client_util_print_uuid  gatt_client_util.o
    0x00027a78   0x00000018   Code   RO         1593    i.get_last_service  gatt_client_util.o
    0x00027a90   0x00000068   Code   RO          419    i.handle_command    uart_console.o
    0x00027af8   0x00000070   Code   RO         1114    i.hex_dump          trace.o
    0x00027b68   0x00000060   Code   RO         1115    i.hex_dump_line     trace.o
    0x00027bc8   0x00000058   Code   RO          203    i.is_new_advertiser  profile.o
    0x00027c20   0x00000026   Code   RO         1594    i.is_sig_uuid       gatt_client_util.o
    0x00027c46   0x00000014   Code   RO         1595    i.list_for_each     gatt_client_util.o
    0x00027c5a   0x00000002   PAD
    0x00027c5c   0x0000006c   Code   RO         2051    i.malloc            mc_w.l(malloc.o)
    0x00027cc8   0x0000000e   Code   RO         1116    i.nibble_to_char    trace.o
    0x00027cd6   0x0000000e   Code   RO         1514    i.nibble_to_char    str_util.o
    0x00027ce4   0x000000bc   Code   RO          204    i.output_notification_handler  profile.o
    0x00027da0   0x00000070   Code   RO          420    i.parse_addr        uart_console.o
    0x00027e10   0x00000084   Code   RO          205    i.print_features    profile.o
    0x00027e94   0x0000000c   Code   RO          206    i.print_fun         profile.o
    0x00027ea0   0x00000114   Code   RO         1515    i.print_hex_table   str_util.o
    0x00027fb4   0x00000024   Code   RO         1739    i.puts              mc_w.l(puts.o)
    0x00027fd8   0x000000c4   Code   RO         1596    i.service_discovery_callback  gatt_client_util.o
    0x0002809c   0x00000010   Code   RO           10    i.setup_peripherals  main.o
    0x000280ac   0x00000050   Code   RO          208    i.setup_profile     profile.o
    0x000280fc   0x0000000a   Code   RO          211    i.sub_to_char       profile.o
    0x00028106   0x00000002   PAD
    0x00028108   0x000000a8   Code   RO         1128    i.trace_full_dump   trace.o
    0x000281b0   0x00000044   Code   RO          421    i.tx_data           uart_console.o
    0x000281f4   0x00000038   Code   RO           11    i.uart_isr          main.o
    0x0002822c   0x0000000a   Code   RO          212    i.unsub_to_char     profile.o
    0x00028236   0x00000002   PAD
    0x00028238   0x000001cc   Code   RO          213    i.user_msg_handler  profile.o
    0x00028404   0x000003ac   Code   RO          214    i.user_packet_handler  profile.o
    0x000287b0   0x00000054   Code   RO          215    i.write_characteristic_descriptor_callback  profile.o
    0x00028804   0x00000808   Data   RO          218    .constdata          profile.o
    0x0002900c   0x00000186   Data   RO          423    .constdata          uart_console.o
    0x00029192   0x00000081   Data   RO         1746    .constdata          mc_w.l(ctype_o.o)
    0x00029213   0x00000001   PAD
    0x00029214   0x00000004   Data   RO         1747    .constdata          mc_w.l(ctype_o.o)
    0x00029218   0x0000006c   Data   RO           12    .conststring        main.o
    0x00029284   0x000000a3   Data   RO          219    .conststring        profile.o
    0x00029327   0x00000001   PAD
    0x00029328   0x00000029   Data   RO          424    .conststring        uart_console.o
    0x00029351   0x00000003   PAD
    0x00029354   0x00000042   Data   RO          514    .conststring        aoa_service.o
    0x00029396   0x00000002   PAD
    0x00029398   0x00000047   Data   RO         1598    .conststring        gatt_client_util.o
    0x000293df   0x00000001   PAD
    0x000293e0   0x00000020   Data   RO         2149    Region$$Table       anon$$obj.o


    Execution Region RW_IRAM1 (Base: 0x200057e0, Size: 0x00001d34, Max: 0x00002820, ABSOLUTE)

    Base Addr    Size         Type   Attr      Idx    E Section Name        Object

    0x200057e0   0x00000088   Data   RW          220    .data               profile.o
    0x20005868   0x00000038   Data   RW          425    .data               uart_console.o
    0x200058a0   0x00000008   Data   RW          515    .data               aoa_service.o
    0x200058a8   0x00000004   Data   RW         2110    .data               mc_w.l(stdout.o)
    0x200058ac   0x00000004   Data   RW         2121    .data               mc_w.l(mvars.o)
    0x200058b0   0x00000004   Data   RW         2122    .data               mc_w.l(mvars.o)
    0x200058b4   0x0000012c   Zero   RW          217    .bss                profile.o
    0x200059e0   0x00000594   Zero   RW          422    .bss                uart_console.o
    0x20005f74   0x0000029f   Zero   RW          513    .bss                aoa_service.o
    0x20006213   0x00000001   PAD
    0x20006214   0x00000290   Zero   RW         1135    .bss                trace.o
    0x200064a4   0x00000045   Zero   RW         1516    .bss                str_util.o
    0x200064e9   0x00000003   PAD
    0x200064ec   0x00000020   Zero   RW         1597    .bss                gatt_client_util.o
    0x2000650c   0x00000004   PAD
    0x20006510   0x00001000   Zero   RW          570    HEAP                startup_ing91800.o
    0x20007510   0x00000004   Zero   RW          569    STACK               startup_ing91800.o


==============================================================================

Image component sizes


      Code (inc. data)   RO Data    RW Data    ZI Data      Debug   Object Name

      1034        522         66          8        671       5638   aoa_service.o
      1872        654         71          0         32      19317   gatt_client_util.o
       406        110        108          0          0      23245   main.o
       186          0          0          0          0       8650   peripheral_uart.o
      2152        696       2219        136        300      55439   profile.o
        24         12          8          0       4100        412   startup_ing91800.o
       290        100          0          0         69       2498   str_util.o
       390         64          0          0        656      25296   trace.o
       616         74        431         56       1428       7780   uart_console.o

    ----------------------------------------------------------------------
      6988       2232       2942        200       7264     148275   Object Totals
         0          0         32          0          0          0   (incl. Generated)
        18          0          7          0          8          0   (incl. Padding)

    ----------------------------------------------------------------------

      Code (inc. data)   RO Data    RW Data    ZI Data      Debug   Library Member Name

        56          8          0          0          0         84   __0sscanf.o
        28          0          0          0          0         68   _chval.o
       812          4          0          0          0        112   _scanf.o
       332          0          0          0          0         96   _scanf_int.o
        64          0          0          0          0         84   _sgetc.o
         8          4        133          0          0         68   ctype_o.o
         0          0          0          0          0          0   entry.o
         0          0          0          0          0          0   entry10a.o
         0          0          0          0          0          0   entry11a.o
         8          4          0          0          0          0   entry2.o
         4          0          0          0          0          0   entry5.o
         0          0          0          0          0          0   entry7b.o
         0          0          0          0          0          0   entry8b.o
         8          4          0          0          0          0   entry9a.o
        30          0          0          0          0          0   handlers.o
        36          8          0          0          0         68   init.o
        18          0          0          0          0         76   isspace_o.o
        30          0          0          0          0         68   llshl.o
        32          0          0          0          0         68   llushr.o
       188         20          0          0          0        160   malloc.o
        26          0          0          0          0         80   memcmp.o
        36          0          0          0          0         68   memcpya.o
        36          0          0          0          0        108   memseta.o
         0          0          0          8          0          0   mvars.o
      1204         60          0          0          0        504   printf8.o
        36          6          0          0          0         80   puts.o
        40          8          0          0          0         84   scanf_char.o
         0          0          0          4          0          0   stdout.o
        42          0          0          0          0         84   strcasecmp.o
        24          0          0          0          0         68   strcat.o
        18          0          0          0          0         68   strcpy.o
        14          0          0          0          0         68   strlen.o
        12          0          0          0          0         68   tolower.o
        98          0          0          0          0         92   uldiv.o

    ----------------------------------------------------------------------
      3248        126        134         12          0       2324   Library Totals
         8          0          1          0          0          0   (incl. Padding)

    ----------------------------------------------------------------------

      Code (inc. data)   RO Data    RW Data    ZI Data      Debug   Library Name

      3240        126        133         12          0       2324   mc_w.l

    ----------------------------------------------------------------------
      3248        126        134         12          0       2324   Library Totals

    ----------------------------------------------------------------------

==============================================================================


      Code (inc. data)   RO Data    RW Data    ZI Data      Debug   

     10236       2358       3076        212       7264     145915   Grand Totals
     10236       2358       3076        212       7264     145915   ELF Image Totals
     10236       2358       3076        212          0          0   ROM Totals

==============================================================================

    Total RO  Size (Code + RO Data)                13312 (  13.00kB)
    Total RW  Size (RW Data + ZI Data)              7476 (   7.30kB)
    Total ROM Size (Code + RO Data + RW Data)      13524 (  13.21kB)

==============================================================================

